// Jest Snapshot v1, https://goo.gl/fbAQLP

exports[`SearchForm renders snapshot 1`] = `
<input
  class="form-input"
  id="adding_photos_text"
  placeholder="Search Pictures"
  type="text"
  value="dog"
/>
`;
